[www.desmos-graphing.tk/index.html]
[backblue.gif]
[fade.gif]
[index.html]
[www.desmos-graphing.tk/about.html]
[www.desmos-graphing.tk/about/update-log.html]
[www.desmos-graphing.tk/about/partners.html]
[www.desmos-graphing.tk/jurrasicperiod.html]
[www.desmos-graphing.tk/jurrasicperiod/crx.html]
[www.desmos-graphing.tk/jurrasicperiod/uv.html]
[www.desmos-graphing.tk/jurrasicperiod/ramhead.html]
[www.desmos-graphing.tk/jurrasicperiod/womgin.html]
[www.desmos-graphing.tk/jurrasicperiod/incog.html]
[www.desmos-graphing.tk/jurrasicperiod/luna.html]
[www.desmos-graphing.tk/jurrasicperiod/aero.html]
[www.desmos-graphing.tk/jurrasicperiod/corro.html]
[www.desmos-graphing.tk/jurrasicperiod/pill.html]
[www.desmos-graphing.tk/jurrasicperiod/taco.html]
[www.desmos-graphing.tk/jurrasicperiod/tsu.html]
[www.desmos-graphing.tk/jurrasicperiod/shad.html]
[www.desmos-graphing.tk/jurrasicperiod/alllo.html]
[www.desmos-graphing.tk/jurrasicperiod/fallen-angelb.html]
[www.desmos-graphing.tk/jurrasicperiod/sinai.html]
[www.desmos-graphing.tk/jurrasicperiod/surffree.html]
[www.desmos-graphing.tk/jurrasicperiod/palla.html]
[www.desmos-graphing.tk/jurrasicperiod/ludicrous.html]
[www.desmos-graphing.tk/jurrasicperiod/milk.html]
[www.desmos-graphing.tk/jurrasicperiod/rip.html]
[www.desmos-graphing.tk/jurrasicperiod/van.html]
[www.desmos-graphing.tk/jurrasicperiod/dep.html]
[www.desmos-graphing.tk/jurrasicperiod/ps.html]
[www.desmos-graphing.tk/jurrasicperiod/simple.html]
[www.desmos-graphing.tk/jurrasicperiod/luc.html]
[www.desmos-graphing.tk/jurrasicperiod/hypertabs.html]
[www.desmos-graphing.tk/jurrasicperiod/kahoot.html]
[www.desmos-graphing.tk/jurrasicperiod/bay.html]
[www.desmos-graphing.tk/jurrasicperiod/php.html]
[www.desmos-graphing.tk/jurrasicperiod/trex.html]
[www.desmos-graphing.tk/jurrasicperiod/tyron.html]
[www.desmos-graphing.tk/jurrasicperiod/stingray.html]
[www.desmos-graphing.tk/jurrasicperiod/kproxy.html]
[www.desmos-graphing.tk/jurrasicperiod/iridium.html]
[www.desmos-graphing.tk/jurrasicperiod/forage.html]
[www.desmos-graphing.tk/jurrasicperiod/cloudy.html]
[www.desmos-graphing.tk/jurrasicperiod/vapor.html]
[www.desmos-graphing.tk/jurrasicperiod/ripple.html]
[www.desmos-graphing.tk/jurrasicperiod/void.html]
[www.desmos-graphing.tk/jurrasicperiod/fractial.html]
[www.desmos-graphing.tk/jurrasicperiod/carbonemission.html]
[www.desmos-graphing.tk/jurrasicperiod/report.html]
[www.desmos-graphing.tk/historysites.html]
[www.desmos-graphing.tk/historysites/giant-games-list.html]
[www.desmos-graphing.tk/historysites/yt.html]
[www.desmos-graphing.tk/historysites/dit.html]
[www.desmos-graphing.tk/historysites/io.html]
[www.desmos-graphing.tk/historysites/io2.html]
[www.desmos-graphing.tk/historysites/elastic-man.html]
[www.desmos-graphing.tk/historysites/66-ez.html]
[www.desmos-graphing.tk/historysites/6969.html]
[www.desmos-graphing.tk/historysites/76-world.html]
[www.desmos-graphing.tk/historysites/geometry-dash.html]
[www.desmos-graphing.tk/historysites/cookie-clicker.html]
[www.desmos-graphing.tk/historysites/jenga.html]
[www.desmos-graphing.tk/historysites/fnf.html]
[www.desmos-graphing.tk/historysites/request-sites.html]
[www.desmos-graphing.tk/mathsites.html]
[www.desmos-graphing.tk/mathsites/tiger-algebra.html]
[www.desmos-graphing.tk/mathsites/mathway.html]
[www.desmos-graphing.tk/mathsites/brainly.html]
[www.desmos-graphing.tk/mathsites/mathpapa.html]
[www.desmos-graphing.tk/sciencesites.html]
[www.desmos-graphing.tk/sciencesites/blooket-bot-adder.html]
[www.desmos-graphing.tk/digitallibraries.html]
[www.desmos-graphing.tk/languageartsites.html]
[www.desmos-graphing.tk/_https_/www.hitwebcounter.47.delayed]
[www.desmos-graphing.tk/_https_/hitwebcounter.com/counter/counter.4824b7.delayed]
[www.desmos-graphing.tk/index.html]
[www.desmos-graphing.tk/about.html]
[www.desmos-graphing.tk/about/update-log.html]
[www.desmos-graphing.tk/about/partners.html]
[www.desmos-graphing.tk/jurrasicperiod.html]
[www.desmos-graphing.tk/jurrasicperiod/_https_/67.207.72.4e.delayed]
[www.desmos-graphing.tk/jurrasicperiod/_https_/www.homeworkistrash.4f.delayed]
[www.desmos-graphing.tk/jurrasicperiod/_https_/www.supermath.50.delayed]
[www.desmos-graphing.tk/jurrasicperiod/crx.html]
[www.desmos-graphing.tk/jurrasicperiod/_https_/uv.abcya.52.delayed]
[www.desmos-graphing.tk/jurrasicperiod/_https_/google--mail.53.delayed]
[www.desmos-graphing.tk/jurrasicperiod/_https_/ultravioletschools.54.delayed]
[www.desmos-graphing.tk/jurrasicperiod/uv.html]
[www.desmos-graphing.tk/jurrasicperiod/_https_/math.zapto.org/index.html]
[www.desmos-graphing.tk/jurrasicperiod/_https_/r.schoolconcerns.56.delayed]
[www.desmos-graphing.tk/jurrasicperiod/_https_/splgotmc.57.delayed]
[www.desmos-graphing.tk/jurrasicperiod/ramhead.html]
[www.desmos-graphing.tk/jurrasicperiod/_https_/wg.abcya.59.delayed]
[www.desmos-graphing.tk/jurrasicperiod/_https_/womginx.arph.5a.delayed]
[www.desmos-graphing.tk/jurrasicperiod/_https_/womginx.binaryperson.repl.5b.delayed]
[www.desmos-graphing.tk/jurrasicperiod/womgin.html]
[www.desmos-graphing.tk/jurrasicperiod/_https_/aurora-borealis.info/_;.5d.delayed]
[www.desmos-graphing.tk/jurrasicperiod/_w.mmsmathhelp.5e.delayed]
[www.desmos-graphing.tk/jurrasicperiod/_https_/contextsearch.5f.delayed]
[www.desmos-graphing.tk/jurrasicperiod/incog.html]
[www.desmos-graphing.tk/jurrasicperiod/_https_/www.desmoscalculator.61.delayed]
[www.desmos-graphing.tk/jurrasicperiod/luna.html]
[www.desmos-graphing.tk/jurrasicperiod/_https_/www.leanleanlean.63.delayed]
[www.desmos-graphing.tk/jurrasicperiod/aero.html]
[www.desmos-graphing.tk/jurrasicperiod/_https_/cr.cbqaj.repl.65.delayed]
[www.desmos-graphing.tk/jurrasicperiod/corro.html]
[www.desmos-graphing.tk/jurrasicperiod/_https_/www.leanleanlean.67.delayed]
[www.desmos-graphing.tk/jurrasicperiod/pill.html]
[www.desmos-graphing.tk/jurrasicperiod/_https_/www.leanleanlean.69.delayed]
[www.desmos-graphing.tk/jurrasicperiod/taco.html]
[www.desmos-graphing.tk/jurrasicperiod/_https_/www.amplify-learning.6b.delayed]
[www.desmos-graphing.tk/jurrasicperiod/tsu.html]
[www.desmos-graphing.tk/jurrasicperiod/_https_/www.amplifylearning.6d.delayed]
[www.desmos-graphing.tk/jurrasicperiod/shad.html]
[www.desmos-graphing.tk/jurrasicperiod/_https_/ay.cbqaj.repl.6f.delayed]
[www.desmos-graphing.tk/jurrasicperiod/alllo.html]
[www.desmos-graphing.tk/jurrasicperiod/fallen-angelb.html]
[www.desmos-graphing.tk/jurrasicperiod/_http_/wsdp.apphb.72.delayed]
[www.desmos-graphing.tk/jurrasicperiod/sinai.html]
[www.desmos-graphing.tk/jurrasicperiod/_https_/surffree.herokuapp.com/_;.74.delayed]
[www.desmos-graphing.tk/jurrasicperiod/surffree.html]
[www.desmos-graphing.tk/jurrasicperiod/_https_/www.amplifylearning.gq/_;.76.delayed]
[www.desmos-graphing.tk/jurrasicperiod/palla.html]
[www.desmos-graphing.tk/jurrasicperiod/_https_/hammerinfo.org/_;.78.delayed]
[www.desmos-graphing.tk/jurrasicperiod/_https_/nothernschools.79.delayed]
[www.desmos-graphing.tk/jurrasicperiod/_https_/floppasmath.7a.delayed]
[www.desmos-graphing.tk/jurrasicperiod/ludicrous.html]
[www.desmos-graphing.tk/jurrasicperiod/_https_/www.fractialmathisfun.7c.delayed]
[www.desmos-graphing.tk/jurrasicperiod/milk.html]
[www.desmos-graphing.tk/jurrasicperiod/_https_/www.riptidemathisfun.7e.delayed]
[www.desmos-graphing.tk/jurrasicperiod/rip.html]
[www.desmos-graphing.tk/jurrasicperiod/_https_/www.aurora-borealis.80.delayed]
[www.desmos-graphing.tk/jurrasicperiod/van.html]
[www.desmos-graphing.tk/jurrasicperiod/_https_/www.7e3dgdyuw.82.delayed]
[www.desmos-graphing.tk/jurrasicperiod/dep.html]
[www.desmos-graphing.tk/jurrasicperiod/_https_/node3.truemyth.ml/_;.84.delayed]
[www.desmos-graphing.tk/jurrasicperiod/ps.html]
[www.desmos-graphing.tk/jurrasicperiod/_https_/summerplans.86.delayed]
[www.desmos-graphing.tk/jurrasicperiod/_https_/summerplans.87.delayed]
[www.desmos-graphing.tk/jurrasicperiod/simple.html]
[www.desmos-graphing.tk/jurrasicperiod/_https_/newengland.89.delayed]
[www.desmos-graphing.tk/jurrasicperiod/luc.html]
[www.desmos-graphing.tk/jurrasicperiod/_https_/tutormath.online/_;.8b.delayed]
[www.desmos-graphing.tk/jurrasicperiod/_https_/mathpath.8c.delayed]
[www.desmos-graphing.tk/jurrasicperiod/_https_/qualitymath.8d.delayed]
[www.desmos-graphing.tk/jurrasicperiod/hypertabs.html]
[www.desmos-graphing.tk/jurrasicperiod/_https_/kahootub.netlify.app/_;.8f.delayed]
[www.desmos-graphing.tk/jurrasicperiod/kahoot.html]
[www.desmos-graphing.tk/jurrasicperiod/_https_/jovial-poitras-85813a.netlify.app/_;.91.delayed]
[www.desmos-graphing.tk/jurrasicperiod/bay.html]
[www.desmos-graphing.tk/jurrasicperiod/_https_/www.rateavon.je/error.93.delayed]
[www.desmos-graphing.tk/jurrasicperiod/php.html]
[www.desmos-graphing.tk/jurrasicperiod/_https_/books4ever.95.delayed]
[www.desmos-graphing.tk/jurrasicperiod/_https_/school-district.96.delayed]
[www.desmos-graphing.tk/jurrasicperiod/_https_/howtoread.97.delayed]
[www.desmos-graphing.tk/jurrasicperiod/trex.html]
[www.desmos-graphing.tk/jurrasicperiod/_https_/myohtheweb.edjiang1234.repl.99.delayed]
[www.desmos-graphing.tk/jurrasicperiod/tyron.html]
[www.desmos-graphing.tk/jurrasicperiod/_https_/officialstingray.9b.delayed]
[www.desmos-graphing.tk/jurrasicperiod/stingray.html]
[www.desmos-graphing.tk/jurrasicperiod/_http_/167.114.102.9d.delayed]
[www.desmos-graphing.tk/jurrasicperiod/kproxy.html]
[www.desmos-graphing.tk/jurrasicperiod/_https_/iridium-main-4.notquitezook.repl.9f.delayed]
[www.desmos-graphing.tk/jurrasicperiod/iridium.html]
[www.desmos-graphing.tk/jurrasicperiod/_https_/funnycorp.us/_;.a1.delayed]
[www.desmos-graphing.tk/jurrasicperiod/_https_/unblo.cc/_;.a2.delayed]
[www.desmos-graphing.tk/jurrasicperiod/_https_/goguardian.fun/_;.a3.delayed]
[www.desmos-graphing.tk/jurrasicperiod/forage.html]
[www.desmos-graphing.tk/jurrasicperiod/_https_/cloudydev.herokuapp.a5.delayed]
[www.desmos-graphing.tk/jurrasicperiod/cloudy.html]
[www.desmos-graphing.tk/jurrasicperiod/_https_/vapor.erererek.repl.a7.delayed]
[www.desmos-graphing.tk/jurrasicperiod/vapor.html]
[www.desmos-graphing.tk/jurrasicperiod/_https_/ripplelake.netlify.a9.delayed]
[www.desmos-graphing.tk/jurrasicperiod/ripple.html]
[www.desmos-graphing.tk/jurrasicperiod/_https_/shelbycountyschools.ab.delayed]
[www.desmos-graphing.tk/jurrasicperiod/void.html]
[www.desmos-graphing.tk/jurrasicperiod/_https_/helpmath.ad.delayed]
[www.desmos-graphing.tk/jurrasicperiod/fractial.html]
[www.desmos-graphing.tk/jurrasicperiod/_https_/ohzonee.herokuapp.af.delayed]
[www.desmos-graphing.tk/jurrasicperiod/_https_/ozonez.herokuapp.b0.delayed]
[www.desmos-graphing.tk/jurrasicperiod/carbonemission.html]
[www.desmos-graphing.tk/jurrasicperiod/_https_/docs.google.com/forms/d/e/1FAIpQLSerFdVmXMO9z85RHq5yrJr6sELClTeYtVSCh-9JKEaX9NbPYw/viewform.b24c44.delayed]
[www.desmos-graphing.tk/jurrasicperiod/report.html]
[www.desmos-graphing.tk/historysites.html]
[www.desmos-graphing.tk/historysites/_https_/peytongoodlett.github.io/gfiles/list.b5.delayed]
[www.desmos-graphing.tk/historysites/giant-games-list.html]
[www.desmos-graphing.tk/historysites/yt.html]
[www.desmos-graphing.tk/historysites/dit.html]
[www.desmos-graphing.tk/historysites/_https_/territorial.io/_;.b9.delayed]
[www.desmos-graphing.tk/historysites/io.html]
[www.desmos-graphing.tk/historysites/io2.html]
[www.desmos-graphing.tk/historysites/elastic-man.html]
[www.desmos-graphing.tk/historysites/66-ez.html]
[www.desmos-graphing.tk/historysites/6969.html]
[www.desmos-graphing.tk/historysites/76-world.html]
[www.desmos-graphing.tk/historysites/geometry-dash.html]
[www.desmos-graphing.tk/historysites/_https_/pinkgithub1.github.io/Cookie-Clicker-Source-2.031/_;.c1.delayed]
[www.desmos-graphing.tk/historysites/cookie-clicker.html]
[www.desmos-graphing.tk/historysites/jenga.html]
[www.desmos-graphing.tk/historysites/fnf.html]
[www.desmos-graphing.tk/historysites/_https_/docs.google.com/forms/d/e/1FAIpQLSea_CxJfCflUQQGp7QTyswy88_HFn8n_L8UTUeV3N0y-4aXfQ/viewform.c54c44.delayed]
[www.desmos-graphing.tk/historysites/request-sites.html]
[www.desmos-graphing.tk/mathsites.html]
[www.desmos-graphing.tk/mathsites/tiger-algebra.html]
[www.desmos-graphing.tk/mathsites/mathway.html]
[www.desmos-graphing.tk/mathsites/brainly.html]
[www.desmos-graphing.tk/mathsites/mathpapa.html]
[www.desmos-graphing.tk/sciencesites.html]
[www.desmos-graphing.tk/sciencesites/blooket-bot-adder.html]
[www.desmos-graphing.tk/digitallibraries.html]
[www.desmos-graphing.tk/_https_/cdn.jsdelivr.net/npm/@widgetbot/html-embed___/script__.cf.delayed]
[www.desmos-graphing.tk/languageartsites.html]
[www.desmos-graphing.tk/_https_/www.hitwebcounter.html]
[www.desmos-graphing.tk/_https_/hitwebcounter.com/counter/counter24b7.html]
[www.desmos-graphing.tk/jurrasicperiod/_https_/67.207.72.html]
[www.desmos-graphing.tk/jurrasicperiod/_https_/www.homeworkistrash.html]
[www.desmos-graphing.tk/jurrasicperiod/_https_/www.supermath.html]
[www.desmos-graphing.tk/jurrasicperiod/_https_/uv.abcya.html]
[www.desmos-graphing.tk/jurrasicperiod/_https_/google--mail.html]
[www.desmos-graphing.tk/jurrasicperiod/_https_/ultravioletschools.html]
[www.desmos-graphing.tk/jurrasicperiod/_https_/math.zapto.org/index.html]
[www.desmos-graphing.tk/jurrasicperiod/_https_/r.schoolconcerns.html]
[www.desmos-graphing.tk/jurrasicperiod/_https_/splgotmc.html]
[www.desmos-graphing.tk/jurrasicperiod/_https_/wg.abcya.html]
[www.desmos-graphing.tk/jurrasicperiod/_https_/womginx.arph.html]
[www.desmos-graphing.tk/jurrasicperiod/_https_/womginx.binaryperson.repl.html]
[www.desmos-graphing.tk/jurrasicperiod/_https_/aurora-borealis.info/_;.html]
[www.desmos-graphing.tk/jurrasicperiod/_w.mmsmathhelp.html]
[www.desmos-graphing.tk/jurrasicperiod/_https_/contextsearch.html]
[www.desmos-graphing.tk/jurrasicperiod/_https_/www.desmoscalculator.html]
[www.desmos-graphing.tk/jurrasicperiod/_https_/www.leanleanlean.html]
[www.desmos-graphing.tk/jurrasicperiod/_https_/cr.cbqaj.repl.html]
[www.desmos-graphing.tk/jurrasicperiod/_https_/www.leanleanlean-2.html]
[www.desmos-graphing.tk/jurrasicperiod/_https_/www.leanleanlean-3.html]
[www.desmos-graphing.tk/jurrasicperiod/_https_/www.amplify-learning.html]
[www.desmos-graphing.tk/jurrasicperiod/_https_/www.amplifylearning.html]
[www.desmos-graphing.tk/jurrasicperiod/_https_/ay.cbqaj.repl.html]
[www.desmos-graphing.tk/jurrasicperiod/_http_/wsdp.apphb.html]
[www.desmos-graphing.tk/jurrasicperiod/_https_/surffree.herokuapp.com/_;.html]
[www.desmos-graphing.tk/jurrasicperiod/_https_/www.amplifylearning.gq/_;.html]
[www.desmos-graphing.tk/jurrasicperiod/_https_/hammerinfo.org/_;.html]
[www.desmos-graphing.tk/jurrasicperiod/_https_/nothernschools.html]
[www.desmos-graphing.tk/jurrasicperiod/_https_/floppasmath.html]
[www.desmos-graphing.tk/jurrasicperiod/_https_/www.fractialmathisfun.html]
[www.desmos-graphing.tk/jurrasicperiod/_https_/www.riptidemathisfun.html]
[www.desmos-graphing.tk/jurrasicperiod/_https_/www.aurora-borealis.html]
[www.desmos-graphing.tk/jurrasicperiod/_https_/www.7e3dgdyuw.html]
[www.desmos-graphing.tk/jurrasicperiod/_https_/node3.truemyth.ml/_;.html]
[www.desmos-graphing.tk/jurrasicperiod/_https_/summerplans.html]
[www.desmos-graphing.tk/jurrasicperiod/_https_/summerplans-2.html]
[www.desmos-graphing.tk/jurrasicperiod/_https_/newengland.html]
[www.desmos-graphing.tk/jurrasicperiod/_https_/tutormath.online/_;.html]
[www.desmos-graphing.tk/jurrasicperiod/_https_/mathpath.html]
[www.desmos-graphing.tk/jurrasicperiod/_https_/qualitymath.html]
[www.desmos-graphing.tk/jurrasicperiod/_https_/kahootub.netlify.app/_;.html]
[www.desmos-graphing.tk/jurrasicperiod/_https_/jovial-poitras-85813a.netlify.app/_;.html]
[www.desmos-graphing.tk/jurrasicperiod/_https_/www.rateavon.je/error.html]
[www.desmos-graphing.tk/jurrasicperiod/_https_/books4ever.html]
[www.desmos-graphing.tk/jurrasicperiod/_https_/school-district.html]
[www.desmos-graphing.tk/jurrasicperiod/_https_/howtoread.html]
[www.desmos-graphing.tk/jurrasicperiod/_https_/myohtheweb.edjiang1234.repl.html]
[www.desmos-graphing.tk/jurrasicperiod/_https_/officialstingray.html]
[www.desmos-graphing.tk/jurrasicperiod/_http_/167.114.102.html]
[www.desmos-graphing.tk/jurrasicperiod/_https_/iridium-main-4.notquitezook.repl.html]
[www.desmos-graphing.tk/jurrasicperiod/_https_/funnycorp.us/_;.html]
[www.desmos-graphing.tk/jurrasicperiod/_https_/unblo.cc/_;.html]
[www.desmos-graphing.tk/jurrasicperiod/_https_/goguardian.fun/_;.html]
[www.desmos-graphing.tk/jurrasicperiod/_https_/cloudydev.herokuapp.html]
[www.desmos-graphing.tk/jurrasicperiod/_https_/vapor.erererek.repl.html]
[www.desmos-graphing.tk/jurrasicperiod/_https_/ripplelake.netlify.html]
[www.desmos-graphing.tk/jurrasicperiod/_https_/shelbycountyschools.html]
[www.desmos-graphing.tk/jurrasicperiod/_https_/helpmath.html]
[www.desmos-graphing.tk/jurrasicperiod/_https_/ohzonee.herokuapp.html]
[www.desmos-graphing.tk/jurrasicperiod/_https_/ozonez.herokuapp.html]
[www.desmos-graphing.tk/jurrasicperiod/_https_/docs.google.com/forms/d/e/1FAIpQLSerFdVmXMO9z85RHq5yrJr6sELClTeYtVSCh-9JKEaX9NbPYw/viewform4c44.html]
[www.desmos-graphing.tk/historysites/_https_/peytongoodlett.github.io/gfiles/list.html]
[www.desmos-graphing.tk/historysites/_https_/territorial.io/_;.html]
[www.desmos-graphing.tk/historysites/_https_/pinkgithub1.github.io/Cookie-Clicker-Source-2.031/_;.html]
[www.desmos-graphing.tk/historysites/_https_/docs.google.com/forms/d/e/1FAIpQLSea_CxJfCflUQQGp7QTyswy88_HFn8n_L8UTUeV3N0y-4aXfQ/viewform4c44.html]
[www.desmos-graphing.tk/_https_/cdn.jsdelivr.net/npm/@widgetbot/html-embed___/script__.html]
